// Jest Snapshot v1, https://goo.gl/fbAQLP

exports[`macros as tag: as tag 1`] = `

import blade from '../macro'
const greeting = 'Hello world!'
blade\`module.exports = "module.exports = '\${greeting}';"\`

      ↓ ↓ ↓ ↓ ↓ ↓

const greeting = 'Hello world!';
blade\`module.exports = "module.exports = '\${greeting}';"\`;

`;
